iter 1 epoch 25s
[2026-08-19T23:28:04Z] [info] round-40 reconciling authoritative head at boot
[2026-08-19T23:28:05Z] [warning] round-40 head reconciliation: run_state read failed
[2026-08-19T23:28:05Z] [info] round-40 authoritative head reconciled at boot
[2026-08-19T23:28:23Z] [info] round-54/C22: promoted review request to terminal lifecycle
[2026-08-19T23:28:25Z] [info] round-44 C12 posted
iter 2 epoch 59s
[2026-08-19T23:28:41Z] [info] round-40 reconciling authoritative head at boot
[2026-08-19T23:28:42Z] [info] round-40 authoritative head reconciled at boot
[2026-08-19T23:28:53Z] [info] round-34 durable-thread drain: using cached snapshot (live fetch returned empty)
[2026-08-19T23:28:53Z] [info] round-34 durable-thread drain
[2026-08-19T23:29:03Z] [info] round-51: skipping quiet window; runnable repair work exists
iter 3 epoch 96s
[2026-08-19T23:29:15Z] [info] round-40 reconciling authoritative head at boot
[2026-08-19T23:29:15Z] [info] round-40 authoritative head reconciled at boot
[2026-08-19T23:29:34Z] [info] round-54/C22: durable system event consumed with terminality proof
iter 4 epoch 131s
[2026-08-19T23:29:52Z] [info] round-40 reconciling authoritative head at boot
[2026-08-19T23:29:52Z] [info] round-40 authoritative head reconciled at boot
[2026-08-19T23:29:52Z] [info] round-54/C22: durable system event consumed with terminality proof
[2026-08-19T23:30:04Z] [info] round-34 durable-thread drain: using cached snapshot (live fetch returned empty)
[2026-08-19T23:30:04Z] [info] round-34 durable-thread drain
[2026-08-19T23:30:15Z] [info] round-51: skipping quiet window; runnable repair work exists
iter 5 epoch 168s
[2026-08-19T23:30:27Z] [info] round-40 reconciling authoritative head at boot
[2026-08-19T23:30:28Z] [info] round-40 authoritative head reconciled at boot
iter 6 epoch 205s
[2026-08-19T23:31:04Z] [info] round-40 reconciling authoritative head at boot
[2026-08-19T23:31:05Z] [info] round-40 authoritative head reconciled at boot
[2026-08-19T23:31:16Z] [info] round-54/C22: durable system event consumed with terminality proof
[2026-08-19T23:31:27Z] [info] round-34 durable-thread drain: using cached snapshot (live fetch returned empty)
[2026-08-19T23:31:27Z] [info] round-34 durable-thread drain
iter 7 epoch 240s
[2026-08-19T23:31:41Z] [info] round-40 reconciling authoritative head at boot
[2026-08-19T23:31:42Z] [info] round-40 authoritative head reconciled at boot
[2026-08-19T23:31:42Z] [info] round-54/C22: durable system event consumed with terminality proof
[2026-08-19T23:31:54Z] [info] round-34 durable-thread drain: using cached snapshot (live fetch returned empty)
[2026-08-19T23:31:54Z] [info] round-34 durable-thread drain
[2026-08-19T23:32:04Z] [info] round-51: skipping quiet window; runnable repair work exists
iter 8 epoch 277s
[2026-08-19T23:32:16Z] [info] round-40 reconciling authoritative head at boot
[2026-08-19T23:32:16Z] [info] round-40 authoritative head reconciled at boot
iter 9 epoch 314s
[2026-08-19T23:32:53Z] [info] round-40 reconciling authoritative head at boot
[2026-08-19T23:32:54Z] [info] round-40 authoritative head reconciled at boot
iter 10 epoch 351s
[2026-08-19T23:33:30Z] [info] round-40 reconciling authoritative head at boot
[2026-08-19T23:33:30Z] [info] round-40 authoritative head reconciled at boot
iter 11 epoch 386s
[2026-08-19T23:34:07Z] [info] round-40 reconciling authoritative head at boot
[2026-08-19T23:34:07Z] [info] round-40 authoritative head reconciled at boot
[2026-08-19T23:34:07Z] [info] round-54/C22: durable system event consumed with terminality proof
[2026-08-19T23:34:19Z] [info] round-34 durable-thread drain: using cached snapshot (live fetch returned empty)
[2026-08-19T23:34:19Z] [info] round-34 durable-thread drain
[2026-08-19T23:34:30Z] [info] round-51: skipping quiet window; runnable repair work exists
iter 12 epoch 423s
[2026-08-19T23:34:42Z] [info] round-40 reconciling authoritative head at boot
[2026-08-19T23:34:42Z] [info] round-40 authoritative head reconciled at boot
iter 13 epoch 460s
[2026-08-19T23:35:19Z] [info] round-40 reconciling authoritative head at boot
[2026-08-19T23:35:19Z] [info] round-40 authoritative head reconciled at boot
iter 14 epoch 497s
[2026-08-19T23:35:56Z] [info] round-40 reconciling authoritative head at boot
[2026-08-19T23:35:57Z] [info] round-40 authoritative head reconciled at boot
iter 15 epoch 534s
[2026-08-19T23:36:33Z] [info] round-40 reconciling authoritative head at boot
[2026-08-19T23:36:33Z] [info] round-40 authoritative head reconciled at boot
iter 16 epoch 571s
[2026-08-19T23:37:10Z] [info] round-40 reconciling authoritative head at boot
[2026-08-19T23:37:10Z] [info] round-40 authoritative head reconciled at boot
iter 17 epoch 608s
[2026-08-19T23:37:47Z] [info] round-40 reconciling authoritative head at boot
[2026-08-19T23:37:47Z] [info] round-40 authoritative head reconciled at boot
iter 18 epoch 645s
[2026-08-19T23:38:24Z] [info] round-40 reconciling authoritative head at boot
[2026-08-19T23:38:24Z] [info] round-40 authoritative head reconciled at boot
[2026-08-19T23:38:31Z] [info] round-54/C22: durable system event consumed with terminality proof
[2026-08-19T23:38:43Z] [info] round-34 durable-thread drain: using cached snapshot (live fetch returned empty)
[2026-08-19T23:38:43Z] [info] round-34 durable-thread drain
iter 19 epoch 681s
[2026-08-19T23:39:01Z] [info] round-40 reconciling authoritative head at boot
[2026-08-19T23:39:01Z] [info] round-40 authoritative head reconciled at boot
[2026-08-19T23:39:01Z] [info] round-54/C22: durable system event consumed with terminality proof
[2026-08-19T23:39:14Z] [info] round-34 durable-thread drain: using cached snapshot (live fetch returned empty)
[2026-08-19T23:39:14Z] [info] round-34 durable-thread drain
[2026-08-19T23:39:25Z] [info] round-51: skipping quiet window; runnable repair work exists
iter 20 epoch 718s
[2026-08-19T23:39:37Z] [info] round-40 reconciling authoritative head at boot
[2026-08-19T23:39:37Z] [info] round-40 authoritative head reconciled at boot
