[2026-08-19T23:39:01Z] [info] round-40 reconciling authoritative head at boot
[2026-08-19T23:39:01Z] [debug] github_get call
[2026-08-19T23:39:01Z] [info] round-40 authoritative head reconciled at boot
[2026-08-19T23:39:01Z] [info] supervisor started (source-controlled v1)
[2026-08-19T23:39:01Z] [info] per_pr_iteration_start
[2026-08-19T23:39:01Z] [info] per_pr_iteration_tick
[2026-08-19T23:39:01Z] [info] round-54/C22: durable system event consumed with terminality proof
[2026-08-19T23:39:01Z] [debug] github_get call
[2026-08-19T23:39:02Z] [debug] github_get call
[2026-08-19T23:39:03Z] [debug] github_get call
[2026-08-19T23:39:03Z] [debug] github_get call
[2026-08-19T23:39:04Z] [debug] github_get call
[2026-08-19T23:39:04Z] [debug] github_get call
[2026-08-19T23:39:04Z] [debug] github_get call
[2026-08-19T23:39:05Z] [debug] github_get call
[2026-08-19T23:39:05Z] [debug] github_get call
[2026-08-19T23:39:05Z] [debug] github_get call
[2026-08-19T23:39:06Z] [debug] github_get call
[2026-08-19T23:39:06Z] [debug] github_get call
[2026-08-19T23:39:07Z] [warning] _advance_awaiting_ci_to_qualifying: orchestration root unresolved
[2026-08-19T23:39:07Z] [debug] github_get call
[2026-08-19T23:39:07Z] [info] github_get retrying after credential reload
[2026-08-19T23:39:08Z] [debug] github_get call
[2026-08-19T23:39:08Z] [info] github_get retrying after credential reload
[2026-08-19T23:39:08Z] [debug] github_get call
[2026-08-19T23:39:08Z] [info] github_get retrying after credential reload
[2026-08-19T23:39:09Z] [debug] github_get call
[2026-08-19T23:39:09Z] [info] github_get retrying after credential reload
[2026-08-19T23:39:09Z] [debug] github_get call
[2026-08-19T23:39:09Z] [info] github_get retrying after credential reload
[2026-08-19T23:39:10Z] [debug] github_get call
[2026-08-19T23:39:10Z] [info] github_get retrying after credential reload
[2026-08-19T23:39:10Z] [debug] github_get call
[2026-08-19T23:39:10Z] [info] github_get retrying after credential reload
[2026-08-19T23:39:12Z] [debug] github_get call
[2026-08-19T23:39:12Z] [info] github_get retrying after credential reload
[2026-08-19T23:39:12Z] [debug] github_get call
[2026-08-19T23:39:13Z] [info] github_get retrying after credential reload
[2026-08-19T23:39:13Z] [debug] github_get call
[2026-08-19T23:39:13Z] [info] github_get retrying after credential reload
[2026-08-19T23:39:14Z] [debug] github_get call
[2026-08-19T23:39:14Z] [info] github_get retrying after credential reload
[2026-08-19T23:39:14Z] [info] round-34 durable-thread drain: using cached snapshot (live fetch returned empty)
[2026-08-19T23:39:14Z] [info] round-34 durable-thread drain
[2026-08-19T23:39:14Z] [info] iteration
[2026-08-19T23:39:14Z] [debug] github_get call
[2026-08-19T23:39:15Z] [debug] github_get call
[2026-08-19T23:39:16Z] [debug] github_get call
[2026-08-19T23:39:16Z] [debug] github_get call
[2026-08-19T23:39:16Z] [debug] github_get call
[2026-08-19T23:39:17Z] [debug] github_get call
[2026-08-19T23:39:17Z] [debug] github_get call
[2026-08-19T23:39:17Z] [debug] github_get call
[2026-08-19T23:39:18Z] [debug] github_get call
[2026-08-19T23:39:18Z] [debug] github_get call
[2026-08-19T23:39:19Z] [debug] github_get call
[2026-08-19T23:39:19Z] [debug] github_get call
[2026-08-19T23:39:20Z] [warning] qualifying-head reopen: orchestration state root unresolved
[2026-08-19T23:39:20Z] [debug] github_get call
[2026-08-19T23:39:21Z] [debug] github_get call
[2026-08-19T23:39:21Z] [debug] github_get call
[2026-08-19T23:39:21Z] [debug] github_get call
[2026-08-19T23:39:22Z] [debug] github_get call
[2026-08-19T23:39:22Z] [debug] github_get call
[2026-08-19T23:39:23Z] [debug] github_get call
[2026-08-19T23:39:23Z] [debug] github_get call
[2026-08-19T23:39:23Z] [debug] github_get call
[2026-08-19T23:39:24Z] [debug] github_get call
[2026-08-19T23:39:24Z] [debug] github_get call
[2026-08-19T23:39:25Z] [error] orchestration_root unresolved; recoverable retry; event stays actionable; supervisor schedules retry
[2026-08-19T23:39:25Z] [warning] relay returned recoverable_retry; events remain actionable; supervisor continues polling without generic worker
[2026-08-19T23:39:25Z] [info] round-51: skipping quiet window; runnable repair work exists
[2026-08-19T23:39:25Z] [info] supervisor exiting
